<?xml version="1.0" encoding="utf-8"?><testsuites name="pytest tests"><testsuite name="pytest" errors="0" failures="0" skipped="1" tests="7" time="0.479" timestamp="2025-10-31T10:17:31.138680+03:00" hostname="BERAT"><testcase classname="tests.test_backup_and_recovery" name="test_snapshot_and_recover" time="0.027" /><testcase classname="tests.test_config" name="test_config_min_schema" time="0.001"><skipped type="pytest.skip" message="config.json bulunamadı">C:\Users\Muhasebe\Desktop\gunsonu\tests\test_config.py:6: config.json bulunamadı</skipped></testcase><testcase classname="tests.test_crud" name="test_crud_and_totals" time="0.049" /><testcase classname="tests.test_exporter" name="test_export_excel" time="0.042" /><testcase classname="tests.test_exporter_summary" name="test_exporter_monthly_summary_and_branch" time="0.110" /><testcase classname="tests.test_paths" name="test_db_dir_selection" time="0.001" /><testcase classname="tests.test_personnel_minimal" name="test_personnel_advances_minimal" time="0.076" /></testsuite></testsuites>